Archive member included to satisfy reference by file (symbol)

/Users/johannes/Library/Application Support/Code/User/globalStorage/bmd.stm32-for-vscode/@xpack-dev-tools/arm-none-eabi-gcc/11.2.1-1.2.2/.content/bin/../lib/gcc/arm-none-eabi/11.2.1/../../../../arm-none-eabi/lib/thumb/v7e-m+fp/hard/libc_nano.a(lib_a-atexit.o)
                              /Users/johannes/Library/Application Support/Code/User/globalStorage/bmd.stm32-for-vscode/@xpack-dev-tools/arm-none-eabi-gcc/11.2.1-1.2.2/.content/bin/../lib/gcc/arm-none-eabi/11.2.1/../../../../arm-none-eabi/lib/thumb/v7e-m+fp/hard/crt0.o (atexit)
/Users/johannes/Library/Application Support/Code/User/globalStorage/bmd.stm32-for-vscode/@xpack-dev-tools/arm-none-eabi-gcc/11.2.1-1.2.2/.content/bin/../lib/gcc/arm-none-eabi/11.2.1/../../../../arm-none-eabi/lib/thumb/v7e-m+fp/hard/libc_nano.a(lib_a-exit.o)
                              /Users/johannes/Library/Application Support/Code/User/globalStorage/bmd.stm32-for-vscode/@xpack-dev-tools/arm-none-eabi-gcc/11.2.1-1.2.2/.content/bin/../lib/gcc/arm-none-eabi/11.2.1/../../../../arm-none-eabi/lib/thumb/v7e-m+fp/hard/crt0.o (exit)
/Users/johannes/Library/Application Support/Code/User/globalStorage/bmd.stm32-for-vscode/@xpack-dev-tools/arm-none-eabi-gcc/11.2.1-1.2.2/.content/bin/../lib/gcc/arm-none-eabi/11.2.1/../../../../arm-none-eabi/lib/thumb/v7e-m+fp/hard/libc_nano.a(lib_a-fini.o)
                              /Users/johannes/Library/Application Support/Code/User/globalStorage/bmd.stm32-for-vscode/@xpack-dev-tools/arm-none-eabi-gcc/11.2.1-1.2.2/.content/bin/../lib/gcc/arm-none-eabi/11.2.1/../../../../arm-none-eabi/lib/thumb/v7e-m+fp/hard/crt0.o (__libc_fini_array)
/Users/johannes/Library/Application Support/Code/User/globalStorage/bmd.stm32-for-vscode/@xpack-dev-tools/arm-none-eabi-gcc/11.2.1-1.2.2/.content/bin/../lib/gcc/arm-none-eabi/11.2.1/../../../../arm-none-eabi/lib/thumb/v7e-m+fp/hard/libc_nano.a(lib_a-impure.o)
                              /Users/johannes/Library/Application Support/Code/User/globalStorage/bmd.stm32-for-vscode/@xpack-dev-tools/arm-none-eabi-gcc/11.2.1-1.2.2/.content/bin/../lib/gcc/arm-none-eabi/11.2.1/../../../../arm-none-eabi/lib/thumb/v7e-m+fp/hard/libc_nano.a(lib_a-exit.o) (_global_impure_ptr)
/Users/johannes/Library/Application Support/Code/User/globalStorage/bmd.stm32-for-vscode/@xpack-dev-tools/arm-none-eabi-gcc/11.2.1-1.2.2/.content/bin/../lib/gcc/arm-none-eabi/11.2.1/../../../../arm-none-eabi/lib/thumb/v7e-m+fp/hard/libc_nano.a(lib_a-init.o)
                              /Users/johannes/Library/Application Support/Code/User/globalStorage/bmd.stm32-for-vscode/@xpack-dev-tools/arm-none-eabi-gcc/11.2.1-1.2.2/.content/bin/../lib/gcc/arm-none-eabi/11.2.1/../../../../arm-none-eabi/lib/thumb/v7e-m+fp/hard/crt0.o (__libc_init_array)
/Users/johannes/Library/Application Support/Code/User/globalStorage/bmd.stm32-for-vscode/@xpack-dev-tools/arm-none-eabi-gcc/11.2.1-1.2.2/.content/bin/../lib/gcc/arm-none-eabi/11.2.1/../../../../arm-none-eabi/lib/thumb/v7e-m+fp/hard/libc_nano.a(lib_a-memset.o)
                              /Users/johannes/Library/Application Support/Code/User/globalStorage/bmd.stm32-for-vscode/@xpack-dev-tools/arm-none-eabi-gcc/11.2.1-1.2.2/.content/bin/../lib/gcc/arm-none-eabi/11.2.1/../../../../arm-none-eabi/lib/thumb/v7e-m+fp/hard/crt0.o (memset)
/Users/johannes/Library/Application Support/Code/User/globalStorage/bmd.stm32-for-vscode/@xpack-dev-tools/arm-none-eabi-gcc/11.2.1-1.2.2/.content/bin/../lib/gcc/arm-none-eabi/11.2.1/../../../../arm-none-eabi/lib/thumb/v7e-m+fp/hard/libc_nano.a(lib_a-__atexit.o)
                              /Users/johannes/Library/Application Support/Code/User/globalStorage/bmd.stm32-for-vscode/@xpack-dev-tools/arm-none-eabi-gcc/11.2.1-1.2.2/.content/bin/../lib/gcc/arm-none-eabi/11.2.1/../../../../arm-none-eabi/lib/thumb/v7e-m+fp/hard/libc_nano.a(lib_a-atexit.o) (__register_exitproc)
/Users/johannes/Library/Application Support/Code/User/globalStorage/bmd.stm32-for-vscode/@xpack-dev-tools/arm-none-eabi-gcc/11.2.1-1.2.2/.content/bin/../lib/gcc/arm-none-eabi/11.2.1/../../../../arm-none-eabi/lib/thumb/v7e-m+fp/hard/libc_nano.a(lib_a-__call_atexit.o)
                              /Users/johannes/Library/Application Support/Code/User/globalStorage/bmd.stm32-for-vscode/@xpack-dev-tools/arm-none-eabi-gcc/11.2.1-1.2.2/.content/bin/../lib/gcc/arm-none-eabi/11.2.1/../../../../arm-none-eabi/lib/thumb/v7e-m+fp/hard/libc_nano.a(lib_a-__atexit.o) (__call_exitprocs)
/Users/johannes/Library/Application Support/Code/User/globalStorage/bmd.stm32-for-vscode/@xpack-dev-tools/arm-none-eabi-gcc/11.2.1-1.2.2/.content/bin/../lib/gcc/arm-none-eabi/11.2.1/../../../../arm-none-eabi/lib/thumb/v7e-m+fp/hard/libnosys.a(_exit.o)
[...]
Memory Configuration

Name             Origin             Length             Attributes
RAM              0x0000000020000000 0x0000000000020000 xrw
CCMRAM           0x0000000010000000 0x0000000000010000 xrw
FLASH            0x0000000008000000 0x0000000000100000 xr
*default*        0x0000000000000000 0xffffffffffffffff

Linker script and memory map

LOAD /Users/johannes/Library/Application Support/Code/User/globalStorage/bmd.stm32-for-vscode/@xpack-dev-tools/arm-none-eabi-gcc/11.2.1-1.2.2/.content/bin/../lib/gcc/arm-none-eabi/11.2.1/thumb/v7e-m+fp/hard/crti.o
LOAD /Users/johannes/Library/Application Support/Code/User/globalStorage/bmd.stm32-for-vscode/@xpack-dev-tools/arm-none-eabi-gcc/11.2.1-1.2.2/.content/bin/../lib/gcc/arm-none-eabi/11.2.1/thumb/v7e-m+fp/hard/crtbegin.o
LOAD /Users/johannes/Library/Application Support/Code/User/globalStorage/bmd.stm32-for-vscode/@xpack-dev-tools/arm-none-eabi-gcc/11.2.1-1.2.2/.content/bin/../lib/gcc/arm-none-eabi/11.2.1/../../../../arm-none-eabi/lib/thumb/v7e-m+fp/hard/crt0.o
LOAD build/main.o
LOAD build/stm32f4xx_hal_msp.o
LOAD build/stm32f4xx_it.o
LOAD build/system_stm32f4xx.o
LOAD build/stm32f4xx_hal.o
LOAD build/stm32f4xx_hal_cortex.o
LOAD build/stm32f4xx_hal_dma.o
LOAD build/stm32f4xx_hal_dma_ex.o
LOAD build/stm32f4xx_hal_exti.o
LOAD build/stm32f4xx_hal_flash.o
LOAD build/stm32f4xx_hal_flash_ex.o
LOAD build/stm32f4xx_hal_flash_ramfunc.o
LOAD build/stm32f4xx_hal_gpio.o
LOAD build/stm32f4xx_hal_pwr.o
LOAD build/stm32f4xx_hal_pwr_ex.o
LOAD build/stm32f4xx_hal_rcc.o
LOAD build/stm32f4xx_hal_rcc_ex.o
LOAD build/stm32f4xx_hal_tim.o
LOAD build/stm32f4xx_hal_tim_ex.o
LOAD build/startup_stm32f407xx.o
LOAD /Users/johannes/Library/Application Support/Code/User/globalStorage/bmd.stm32-for-vscode/@xpack-dev-tools/arm-none-eabi-gcc/11.2.1-1.2.2/.content/bin/../lib/gcc/arm-none-eabi/11.2.1/../../../../arm-none-eabi/lib/thumb/v7e-m+fp/hard/libc_nano.a
LOAD /Users/johannes/Library/Application Support/Code/User/globalStorage/bmd.stm32-for-vscode/@xpack-dev-tools/arm-none-eabi-gcc/11.2.1-1.2.2/.content/bin/../lib/gcc/arm-none-eabi/11.2.1/../../../../arm-none-eabi/lib/thumb/v7e-m+fp/hard/libm.a
LOAD /Users/johannes/Library/Application Support/Code/User/globalStorage/bmd.stm32-for-vscode/@xpack-dev-tools/arm-none-eabi-gcc/11.2.1-1.2.2/.content/bin/../lib/gcc/arm-none-eabi/11.2.1/../../../../arm-none-eabi/lib/thumb/v7e-m+fp/hard/libnosys.a
START GROUP
LOAD /Users/johannes/Library/Application Support/Code/User/globalStorage/bmd.stm32-for-vscode/@xpack-dev-tools/arm-none-eabi-gcc/11.2.1-1.2.2/.content/bin/../lib/gcc/arm-none-eabi/11.2.1/thumb/v7e-m+fp/hard/libgcc.a
LOAD /Users/johannes/Library/Application Support/Code/User/globalStorage/bmd.stm32-for-vscode/@xpack-dev-tools/arm-none-eabi-gcc/11.2.1-1.2.2/.content/bin/../lib/gcc/arm-none-eabi/11.2.1/../../../../arm-none-eabi/lib/thumb/v7e-m+fp/hard/libc_nano.a
END GROUP
START GROUP
LOAD /Users/johannes/Library/Application Support/Code/User/globalStorage/bmd.stm32-for-vscode/@xpack-dev-tools/arm-none-eabi-gcc/11.2.1-1.2.2/.content/bin/../lib/gcc/arm-none-eabi/11.2.1/thumb/v7e-m+fp/hard/libgcc.a
LOAD /Users/johannes/Library/Application Support/Code/User/globalStorage/bmd.stm32-for-vscode/@xpack-dev-tools/arm-none-eabi-gcc/11.2.1-1.2.2/.content/bin/../lib/gcc/arm-none-eabi/11.2.1/../../../../arm-none-eabi/lib/thumb/v7e-m+fp/hard/libc_nano.a
END GROUP
LOAD /Users/johannes/Library/Application Support/Code/User/globalStorage/bmd.stm32-for-vscode/@xpack-dev-tools/arm-none-eabi-gcc/11.2.1-1.2.2/.content/bin/../lib/gcc/arm-none-eabi/11.2.1/thumb/v7e-m+fp/hard/crtend.o
LOAD /Users/johannes/Library/Application Support/Code/User/globalStorage/bmd.stm32-for-vscode/@xpack-dev-tools/arm-none-eabi-gcc/11.2.1-1.2.2/.content/bin/../lib/gcc/arm-none-eabi/11.2.1/thumb/v7e-m+fp/hard/crtn.o
                0x0000000020020000                _estack = (ORIGIN (RAM) + LENGTH (RAM))
                0x0000000000000200                _Min_Heap_Size = 0x200
                0x0000000000000400                _Min_Stack_Size = 0x400

.isr_vector     0x0000000008000000      0x188
                0x0000000008000000                . = ALIGN (0x4)
 *(.isr_vector)
 .isr_vector    0x0000000008000000      0x188 build/startup_stm32f407xx.o
                0x0000000008000000                g_pfnVectors
                0x0000000008000188                . = ALIGN (0x4)

.text           0x0000000008000188      0xf20
                0x0000000008000188                . = ALIGN (0x4)
 *(.text)
 .text          0x0000000008000188       0x30 /Users/johannes/Library/Application Support/Code/User/globalStorage/bmd.stm32-for-vscode/@xpack-dev-tools/arm-none-eabi-gcc/11.2.1-1.2.2/.content/bin/../lib/gcc/arm-none-eabi/11.2.1/thumb/v7e-m+fp/hard/libgcc.a(_aeabi_uldivmod.o)
                0x0000000008000188                __aeabi_uldivmod
 .text          0x00000000080001b8        0x4 /Users/johannes/Library/Application Support/Code/User/globalStorage/bmd.stm32-for-vscode/@xpack-dev-tools/arm-none-eabi-gcc/11.2.1-1.2.2/.content/bin/../lib/gcc/arm-none-eabi/11.2.1/thumb/v7e-m+fp/hard/libgcc.a(_dvmd_tls.o)
                0x00000000080001b8                __aeabi_ldiv0
                0x00000000080001b8                __aeabi_idiv0
 *(.text*)
 .text.__do_global_dtors_aux
                0x00000000080001bc       0x24 /Users/johannes/Library/Application Support/Code/User/globalStorage/bmd.stm32-for-vscode/@xpack-dev-tools/arm-none-eabi-gcc/11.2.1-1.2.2/.content/bin/../lib/gcc/arm-none-eabi/11.2.1/thumb/v7e-m+fp/hard/crtbegin.o
 .text.frame_dummy
                0x00000000080001e0       0x1c /Users/johannes/Library/Application Support/Code/User/globalStorage/bmd.stm32-for-vscode/@xpack-dev-tools/arm-none-eabi-gcc/11.2.1-1.2.2/.content/bin/../lib/gcc/arm-none-eabi/11.2.1/thumb/v7e-m+fp/hard/crtbegin.o
 .text.LEDs_GPIO_Init
                0x00000000080001fc       0x40 build/main.o
 .text.Error_Handler
                0x000000000800023c        0x4 build/main.o
                0x000000000800023c                Error_Handler
 .text.SystemClock_Config
                0x0000000008000240       0xac build/main.o
                0x0000000008000240                SystemClock_Config
 .text.main     0x00000000080002ec       0x30 build/main.o
                0x00000000080002ec                main
 .text.HAL_MspInit
                0x000000000800031c       0x40 build/stm32f4xx_hal_msp.o
                0x000000000800031c                HAL_MspInit
 .text.NMI_Handler
                0x000000000800035c        0x2 build/stm32f4xx_it.o
                0x000000000800035c                NMI_Handler
 .text.HardFault_Handler
                0x000000000800035e        0x2 build/stm32f4xx_it.o
                0x000000000800035e                HardFault_Handler
 .text.MemManage_Handler
                0x0000000008000360        0x2 build/stm32f4xx_it.o
                0x0000000008000360                MemManage_Handler
 .text.BusFault_Handler
                0x0000000008000362        0x2 build/stm32f4xx_it.o
                0x0000000008000362                BusFault_Handler
 .text.UsageFault_Handler
                0x0000000008000364        0x2 build/stm32f4xx_it.o
                0x0000000008000364                UsageFault_Handler
 .text.SVC_Handler
                0x0000000008000366        0x2 build/stm32f4xx_it.o
                0x0000000008000366                SVC_Handler
 .text.DebugMon_Handler
                0x0000000008000368        0x2 build/stm32f4xx_it.o
                0x0000000008000368                DebugMon_Handler
 .text.PendSV_Handler
                0x000000000800036a        0x2 build/stm32f4xx_it.o
                0x000000000800036a                PendSV_Handler
 .text.SysTick_Handler
                0x000000000800036c        0x8 build/stm32f4xx_it.o
                0x000000000800036c                SysTick_Handler
 .text.SystemInit
                0x0000000008000374       0x14 build/system_stm32f4xx.o
                0x0000000008000374                SystemInit
 .text.HAL_InitTick
                0x0000000008000388       0x4c build/stm32f4xx_hal.o
                0x0000000008000388                HAL_InitTick
 .text.HAL_Init
                0x00000000080003d4       0x34 build/stm32f4xx_hal.o
                0x00000000080003d4                HAL_Init
 .text.HAL_IncTick
                0x0000000008000408       0x18 build/stm32f4xx_hal.o
                0x0000000008000408                HAL_IncTick
 .text.HAL_GetTick
                0x0000000008000420        0xc build/stm32f4xx_hal.o
                0x0000000008000420                HAL_GetTick
 .text.HAL_NVIC_SetPriorityGrouping
                0x000000000800042c       0x24 build/stm32f4xx_hal_cortex.o
                0x000000000800042c                HAL_NVIC_SetPriorityGrouping
 .text.HAL_NVIC_SetPriority
                0x0000000008000450       0x70 build/stm32f4xx_hal_cortex.o
                0x0000000008000450                HAL_NVIC_SetPriority
 .text.HAL_SYSTICK_Config
                0x00000000080004c0       0x28 build/stm32f4xx_hal_cortex.o
                0x00000000080004c0                HAL_SYSTICK_Config
 .text.HAL_GPIO_Init
                0x00000000080004e8      0x1ec build/stm32f4xx_hal_gpio.o
                0x00000000080004e8                HAL_GPIO_Init
 .text.HAL_GPIO_TogglePin
                0x00000000080006d4       0x12 build/stm32f4xx_hal_gpio.o
                0x00000000080006d4                HAL_GPIO_TogglePin
 *fill*         0x00000000080006e6        0x2 
 .text.HAL_RCC_OscConfig
                0x00000000080006e8      0x3f8 build/stm32f4xx_hal_rcc.o
                0x00000000080006e8                HAL_RCC_OscConfig
 .text.HAL_RCC_GetSysClockFreq
                0x0000000008000ae0       0xdc build/stm32f4xx_hal_rcc.o
                0x0000000008000ae0                HAL_RCC_GetSysClockFreq
 .text.HAL_RCC_ClockConfig
                0x0000000008000bbc      0x160 build/stm32f4xx_hal_rcc.o
                0x0000000008000bbc                HAL_RCC_ClockConfig
 .text.Reset_Handler
                0x0000000008000d1c       0x50 build/startup_stm32f407xx.o
                0x0000000008000d1c                Reset_Handler
 .text.Default_Handler
                0x0000000008000d6c        0x2 build/startup_stm32f407xx.o
                0x0000000008000d6c                DMA1_Stream3_IRQHandler
                0x0000000008000d6c                HASH_RNG_IRQHandler
                0x0000000008000d6c                EXTI2_IRQHandler
                0x0000000008000d6c                TIM8_CC_IRQHandler
                0x0000000008000d6c                TIM1_CC_IRQHandler
                0x0000000008000d6c                DMA2_Stream5_IRQHandler
                0x0000000008000d6c                DMA1_Stream5_IRQHandler
                0x0000000008000d6c                PVD_IRQHandler
                0x0000000008000d6c                SDIO_IRQHandler
                0x0000000008000d6c                TAMP_STAMP_IRQHandler
                0x0000000008000d6c                CAN2_RX1_IRQHandler
                0x0000000008000d6c                EXTI3_IRQHandler
                0x0000000008000d6c                TIM8_TRG_COM_TIM14_IRQHandler
                0x0000000008000d6c                TIM1_UP_TIM10_IRQHandler
                0x0000000008000d6c                TIM8_UP_TIM13_IRQHandler
                0x0000000008000d6c                I2C3_ER_IRQHandler
                0x0000000008000d6c                EXTI0_IRQHandler
                0x0000000008000d6c                I2C2_EV_IRQHandler
                0x0000000008000d6c                DMA1_Stream2_IRQHandler
                0x0000000008000d6c                CAN1_RX0_IRQHandler
                0x0000000008000d6c                FPU_IRQHandler
                0x0000000008000d6c                OTG_HS_WKUP_IRQHandler
                0x0000000008000d6c                CAN2_SCE_IRQHandler
                0x0000000008000d6c                DMA2_Stream2_IRQHandler
                0x0000000008000d6c                SPI1_IRQHandler
                0x0000000008000d6c                TIM6_DAC_IRQHandler
                0x0000000008000d6c                TIM1_BRK_TIM9_IRQHandler
                0x0000000008000d6c                DCMI_IRQHandler
                0x0000000008000d6c                CAN2_RX0_IRQHandler
                0x0000000008000d6c                DMA2_Stream3_IRQHandler
                0x0000000008000d6c                USART6_IRQHandler
                0x0000000008000d6c                USART3_IRQHandler
                0x0000000008000d6c                CAN1_RX1_IRQHandler
                0x0000000008000d6c                UART5_IRQHandler
                0x0000000008000d6c                DMA2_Stream0_IRQHandler
                0x0000000008000d6c                TIM4_IRQHandler
                0x0000000008000d6c                I2C1_EV_IRQHandler
                0x0000000008000d6c                DMA1_Stream6_IRQHandler
                0x0000000008000d6c                DMA1_Stream1_IRQHandler
                0x0000000008000d6c                UART4_IRQHandler
                0x0000000008000d6c                TIM3_IRQHandler
                0x0000000008000d6c                RCC_IRQHandler
                0x0000000008000d6c                TIM8_BRK_TIM12_IRQHandler
                0x0000000008000d6c                Default_Handler
                0x0000000008000d6c                EXTI15_10_IRQHandler
                0x0000000008000d6c                ADC_IRQHandler
                0x0000000008000d6c                DMA1_Stream7_IRQHandler
                0x0000000008000d6c                TIM7_IRQHandler
                0x0000000008000d6c                CAN2_TX_IRQHandler
                0x0000000008000d6c                TIM5_IRQHandler
                0x0000000008000d6c                DMA2_Stream7_IRQHandler
                0x0000000008000d6c                I2C3_EV_IRQHandler
                0x0000000008000d6c                EXTI9_5_IRQHandler
                0x0000000008000d6c                RTC_WKUP_IRQHandler
                0x0000000008000d6c                ETH_WKUP_IRQHandler
                0x0000000008000d6c                SPI2_IRQHandler
                0x0000000008000d6c                OTG_HS_EP1_IN_IRQHandler
                0x0000000008000d6c                DMA1_Stream0_IRQHandler
                0x0000000008000d6c                CAN1_TX_IRQHandler
                0x0000000008000d6c                EXTI4_IRQHandler
                0x0000000008000d6c                FSMC_IRQHandler
                0x0000000008000d6c                ETH_IRQHandler
                0x0000000008000d6c                OTG_HS_EP1_OUT_IRQHandler
                0x0000000008000d6c                WWDG_IRQHandler
                0x0000000008000d6c                TIM2_IRQHandler
                0x0000000008000d6c                OTG_FS_WKUP_IRQHandler
                0x0000000008000d6c                TIM1_TRG_COM_TIM11_IRQHandler
                0x0000000008000d6c                OTG_HS_IRQHandler
                0x0000000008000d6c                EXTI1_IRQHandler
                0x0000000008000d6c                USART2_IRQHandler
                0x0000000008000d6c                I2C2_ER_IRQHandler
                0x0000000008000d6c                DMA2_Stream1_IRQHandler
                0x0000000008000d6c                CAN1_SCE_IRQHandler
                0x0000000008000d6c                FLASH_IRQHandler
                0x0000000008000d6c                DMA2_Stream4_IRQHandler
                0x0000000008000d6c                USART1_IRQHandler
                0x0000000008000d6c                OTG_FS_IRQHandler
                0x0000000008000d6c                SPI3_IRQHandler
                0x0000000008000d6c                DMA1_Stream4_IRQHandler
                0x0000000008000d6c                I2C1_ER_IRQHandler
                0x0000000008000d6c                DMA2_Stream6_IRQHandler
                0x0000000008000d6c                RTC_Alarm_IRQHandler
 *fill*         0x0000000008000d6e        0x2 
 .text.__libc_init_array
                0x0000000008000d70       0x48 /Users/johannes/Library/Application Support/Code/User/globalStorage/bmd.stm32-for-vscode/@xpack-dev-tools/arm-none-eabi-gcc/11.2.1-1.2.2/.content/bin/../lib/gcc/arm-none-eabi/11.2.1/../../../../arm-none-eabi/lib/thumb/v7e-m+fp/hard/libc_nano.a(lib_a-init.o)
                0x0000000008000d70                __libc_init_array
 .text.memset   0x0000000008000db8       0x10 /Users/johannes/Library/Application Support/Code/User/globalStorage/bmd.stm32-for-vscode/@xpack-dev-tools/arm-none-eabi-gcc/11.2.1-1.2.2/.content/bin/../lib/gcc/arm-none-eabi/11.2.1/../../../../arm-none-eabi/lib/thumb/v7e-m+fp/hard/libc_nano.a(lib_a-memset.o)
                0x0000000008000db8                memset
 .text.__udivmoddi4
                0x0000000008000dc8      0x2c8 /Users/johannes/Library/Application Support/Code/User/globalStorage/bmd.stm32-for-vscode/@xpack-dev-tools/arm-none-eabi-gcc/11.2.1-1.2.2/.content/bin/../lib/gcc/arm-none-eabi/11.2.1/thumb/v7e-m+fp/hard/libgcc.a(_udivmoddi4.o)
                0x0000000008000dc8                __udivmoddi4
 *(.glue_7)
 .glue_7        0x0000000008001090        0x0 linker stubs
 *(.glue_7t)
 .glue_7t       0x0000000008001090        0x0 linker stubs
 *(.eh_frame)
 .eh_frame      0x0000000008001090        0x0 /Users/johannes/Library/Application Support/Code/User/globalStorage/bmd.stm32-for-vscode/@xpack-dev-tools/arm-none-eabi-gcc/11.2.1-1.2.2/.content/bin/../lib/gcc/arm-none-eabi/11.2.1/thumb/v7e-m+fp/hard/crtbegin.o
 *(.init)
 .init          0x0000000008001090        0x4 /Users/johannes/Library/Application Support/Code/User/globalStorage/bmd.stm32-for-vscode/@xpack-dev-tools/arm-none-eabi-gcc/11.2.1-1.2.2/.content/bin/../lib/gcc/arm-none-eabi/11.2.1/thumb/v7e-m+fp/hard/crti.o
                0x0000000008001090                _init
 .init          0x0000000008001094        0x8 /Users/johannes/Library/Application Support/Code/User/globalStorage/bmd.stm32-for-vscode/@xpack-dev-tools/arm-none-eabi-gcc/11.2.1-1.2.2/.content/bin/../lib/gcc/arm-none-eabi/11.2.1/thumb/v7e-m+fp/hard/crtn.o
 *(.fini)
 .fini          0x000000000800109c        0x4 /Users/johannes/Library/Application Support/Code/User/globalStorage/bmd.stm32-for-vscode/@xpack-dev-tools/arm-none-eabi-gcc/11.2.1-1.2.2/.content/bin/../lib/gcc/arm-none-eabi/11.2.1/thumb/v7e-m+fp/hard/crti.o
                0x000000000800109c                _fini
 .fini          0x00000000080010a0        0x8 /Users/johannes/Library/Application Support/Code/User/globalStorage/bmd.stm32-for-vscode/@xpack-dev-tools/arm-none-eabi-gcc/11.2.1-1.2.2/.content/bin/../lib/gcc/arm-none-eabi/11.2.1/thumb/v7e-m+fp/hard/crtn.o
                0x00000000080010a8                . = ALIGN (0x4)
                0x00000000080010a8                _etext = .

.vfp11_veneer   0x00000000080010a8        0x0
 .vfp11_veneer  0x00000000080010a8        0x0 linker stubs

.v4_bx          0x00000000080010a8        0x0
 .v4_bx         0x00000000080010a8        0x0 linker stubs

.iplt           0x00000000080010a8        0x0
 .iplt          0x00000000080010a8        0x0 /Users/johannes/Library/Application Support/Code/User/globalStorage/bmd.stm32-for-vscode/@xpack-dev-tools/arm-none-eabi-gcc/11.2.1-1.2.2/.content/bin/../lib/gcc/arm-none-eabi/11.2.1/thumb/v7e-m+fp/hard/crtbegin.o

.rodata         0x00000000080010a8       0x10
                0x00000000080010a8                . = ALIGN (0x4)
 *(.rodata)
 *(.rodata*)
 .rodata.AHBPrescTable
                0x00000000080010a8       0x10 build/system_stm32f4xx.o
                0x00000000080010a8                AHBPrescTable
                0x00000000080010b8                . = ALIGN (0x4)

.ARM.extab
 *(.ARM.extab* .gnu.linkonce.armextab.*)

.ARM            0x00000000080010b8        0x8
                0x00000000080010b8                __exidx_start = .
 *(.ARM.exidx*)
 .ARM.exidx.text.__udivmoddi4
                0x00000000080010b8        0x8 /Users/johannes/Library/Application Support/Code/User/globalStorage/bmd.stm32-for-vscode/@xpack-dev-tools/arm-none-eabi-gcc/11.2.1-1.2.2/.content/bin/../lib/gcc/arm-none-eabi/11.2.1/thumb/v7e-m+fp/hard/libgcc.a(_udivmoddi4.o)
                0x00000000080010c0                __exidx_end = .

.rel.dyn        0x00000000080010c0        0x0
 .rel.iplt      0x00000000080010c0        0x0 /Users/johannes/Library/Application Support/Code/User/globalStorage/bmd.stm32-for-vscode/@xpack-dev-tools/arm-none-eabi-gcc/11.2.1-1.2.2/.content/bin/../lib/gcc/arm-none-eabi/11.2.1/thumb/v7e-m+fp/hard/crtbegin.o

.preinit_array  0x00000000080010c0        0x0
                0x00000000080010c0                PROVIDE (__preinit_array_start = .)
 *(.preinit_array*)
                0x00000000080010c0                PROVIDE (__preinit_array_end = .)

.init_array     0x00000000080010c0        0x4
                0x00000000080010c0                PROVIDE (__init_array_start = .)
 *(SORT_BY_NAME(.init_array.*))
 *(.init_array*)
 .init_array    0x00000000080010c0        0x4 /Users/johannes/Library/Application Support/Code/User/globalStorage/bmd.stm32-for-vscode/@xpack-dev-tools/arm-none-eabi-gcc/11.2.1-1.2.2/.content/bin/../lib/gcc/arm-none-eabi/11.2.1/thumb/v7e-m+fp/hard/crtbegin.o
                0x00000000080010c4                PROVIDE (__init_array_end = .)

.fini_array     0x00000000080010c4        0x4
                0x00000000080010c4                PROVIDE (__fini_array_start = .)
 *(SORT_BY_NAME(.fini_array.*))
 *(.fini_array*)
 .fini_array    0x00000000080010c4        0x4 /Users/johannes/Library/Application Support/Code/User/globalStorage/bmd.stm32-for-vscode/@xpack-dev-tools/arm-none-eabi-gcc/11.2.1-1.2.2/.content/bin/../lib/gcc/arm-none-eabi/11.2.1/thumb/v7e-m+fp/hard/crtbegin.o
                0x00000000080010c8                PROVIDE (__fini_array_end = .)
                0x00000000080010c8                _sidata = LOADADDR (.data)

.data           0x0000000020000000        0xc load address 0x00000000080010c8
                0x0000000020000000                . = ALIGN (0x4)
                0x0000000020000000                _sdata = .
 *(.data)
 *(.data*)
 .data.SystemCoreClock
                0x0000000020000000        0x4 build/system_stm32f4xx.o
                0x0000000020000000                SystemCoreClock
 .data.uwTickFreq
                0x0000000020000004        0x1 build/stm32f4xx_hal.o
                0x0000000020000004                uwTickFreq
 *fill*         0x0000000020000005        0x3 
 .data.uwTickPrio
                0x0000000020000008        0x4 build/stm32f4xx_hal.o
                0x0000000020000008                uwTickPrio
                0x000000002000000c                . = ALIGN (0x4)
                0x000000002000000c                _edata = .
                0x00000000080010d4                _siccmram = LOADADDR (.ccmram)

.igot.plt       0x000000002000000c        0x0 load address 0x00000000080010d4
 .igot.plt      0x000000002000000c        0x0 /Users/johannes/Library/Application Support/Code/User/globalStorage/bmd.stm32-for-vscode/@xpack-dev-tools/arm-none-eabi-gcc/11.2.1-1.2.2/.content/bin/../lib/gcc/arm-none-eabi/11.2.1/thumb/v7e-m+fp/hard/crtbegin.o

.ccmram         0x0000000010000000        0x0 load address 0x00000000080010d4
                0x0000000010000000                . = ALIGN (0x4)
                0x0000000010000000                _sccmram = .
 *(.ccmram)
 *(.ccmram*)
                0x0000000010000000                . = ALIGN (0x4)
                0x0000000010000000                _eccmram = .
                0x0000000010000000                . = ALIGN (0x4)

.bss            0x000000002000000c       0x20
                0x000000002000000c                _sbss = .
                0x000000002000000c                __bss_start__ = _sbss
 *(.bss)
 *(.bss*)
 .bss.completed.1
                0x000000002000000c        0x1 /Users/johannes/Library/Application Support/Code/User/globalStorage/bmd.stm32-for-vscode/@xpack-dev-tools/arm-none-eabi-gcc/11.2.1-1.2.2/.content/bin/../lib/gcc/arm-none-eabi/11.2.1/thumb/v7e-m+fp/hard/crtbegin.o
 *fill*         0x000000002000000d        0x3 
 .bss.object.0  0x0000000020000010       0x18 /Users/johannes/Library/Application Support/Code/User/globalStorage/bmd.stm32-for-vscode/@xpack-dev-tools/arm-none-eabi-gcc/11.2.1-1.2.2/.content/bin/../lib/gcc/arm-none-eabi/11.2.1/thumb/v7e-m+fp/hard/crtbegin.o
 .bss.uwTick    0x0000000020000028        0x4 build/stm32f4xx_hal.o
                0x0000000020000028                uwTick
 *(COMMON)
                0x000000002000002c                . = ALIGN (0x4)
                0x000000002000002c                _ebss = .
                0x000000002000002c                __bss_end__ = _ebss

._user_heap_stack
                0x000000002000002c      0x604
                0x0000000020000030                . = ALIGN (0x8)
 *fill*         0x000000002000002c        0x4 
                [!provide]                        PROVIDE (end = .)
                [!provide]                        PROVIDE (_end = .)
                0x0000000020000230                . = (. + _Min_Heap_Size)
 *fill*         0x0000000020000030      0x200 
                0x0000000020000630                . = (. + _Min_Stack_Size)
 *fill*         0x0000000020000230      0x400 
                0x0000000020000630                . = ALIGN (0x8)

/DISCARD/
 libc.a(*)
 libm.a(*)
 libgcc.a(*)

.ARM.attributes
                0x0000000000000000       0x30
 *(.ARM.attributes)
 .ARM.attributes
                0x0000000000000000       0x1e /Users/johannes/Library/Application Support/Code/User/globalStorage/bmd.stm32-for-vscode/@xpack-dev-tools/arm-none-eabi-gcc/11.2.1-1.2.2/.content/bin/../lib/gcc/arm-none-eabi/11.2.1/thumb/v7e-m+fp/hard/crti.o
 .ARM.attributes
                0x000000000000001e       0x34 /Users/johannes/Library/Application Support/Code/User/globalStorage/bmd.stm32-for-vscode/@xpack-dev-tools/arm-none-eabi-gcc/11.2.1-1.2.2/.content/bin/../lib/gcc/arm-none-eabi/11.2.1/thumb/v7e-m+fp/hard/crtbegin.o
 .ARM.attributes
                0x0000000000000052       0x34 build/main.o
 .ARM.attributes
                0x0000000000000086       0x34 build/stm32f4xx_hal_msp.o
 .ARM.attributes
                0x00000000000000ba       0x34 build/stm32f4xx_it.o
 .ARM.attributes
                0x00000000000000ee       0x34 build/system_stm32f4xx.o
 .ARM.attributes
                0x0000000000000122       0x34 build/stm32f4xx_hal.o
 .ARM.attributes
                0x0000000000000156       0x34 build/stm32f4xx_hal_cortex.o
 .ARM.attributes
                0x000000000000018a       0x34 build/stm32f4xx_hal_gpio.o
 .ARM.attributes
                0x00000000000001be       0x34 build/stm32f4xx_hal_rcc.o
 .ARM.attributes
                0x00000000000001f2       0x21 build/startup_stm32f407xx.o
 .ARM.attributes
                0x0000000000000213       0x34 /Users/johannes/Library/Application Support/Code/User/globalStorage/bmd.stm32-for-vscode/@xpack-dev-tools/arm-none-eabi-gcc/11.2.1-1.2.2/.content/bin/../lib/gcc/arm-none-eabi/11.2.1/../../../../arm-none-eabi/lib/thumb/v7e-m+fp/hard/libc_nano.a(lib_a-init.o)
 .ARM.attributes
                0x0000000000000247       0x34 /Users/johannes/Library/Application Support/Code/User/globalStorage/bmd.stm32-for-vscode/@xpack-dev-tools/arm-none-eabi-gcc/11.2.1-1.2.2/.content/bin/../lib/gcc/arm-none-eabi/11.2.1/../../../../arm-none-eabi/lib/thumb/v7e-m+fp/hard/libc_nano.a(lib_a-memset.o)
 .ARM.attributes
                0x000000000000027b       0x1e /Users/johannes/Library/Application Support/Code/User/globalStorage/bmd.stm32-for-vscode/@xpack-dev-tools/arm-none-eabi-gcc/11.2.1-1.2.2/.content/bin/../lib/gcc/arm-none-eabi/11.2.1/thumb/v7e-m+fp/hard/libgcc.a(_aeabi_uldivmod.o)
 .ARM.attributes
                0x0000000000000299       0x34 /Users/johannes/Library/Application Support/Code/User/globalStorage/bmd.stm32-for-vscode/@xpack-dev-tools/arm-none-eabi-gcc/11.2.1-1.2.2/.content/bin/../lib/gcc/arm-none-eabi/11.2.1/thumb/v7e-m+fp/hard/libgcc.a(_udivmoddi4.o)
 .ARM.attributes
                0x00000000000002cd       0x1e /Users/johannes/Library/Application Support/Code/User/globalStorage/bmd.stm32-for-vscode/@xpack-dev-tools/arm-none-eabi-gcc/11.2.1-1.2.2/.content/bin/../lib/gcc/arm-none-eabi/11.2.1/thumb/v7e-m+fp/hard/libgcc.a(_dvmd_tls.o)
 .ARM.attributes
                0x00000000000002eb       0x1e /Users/johannes/Library/Application Support/Code/User/globalStorage/bmd.stm32-for-vscode/@xpack-dev-tools/arm-none-eabi-gcc/11.2.1-1.2.2/.content/bin/../lib/gcc/arm-none-eabi/11.2.1/thumb/v7e-m+fp/hard/crtn.o
OUTPUT(build/stm32f4disc_blink_noHal.elf elf32-littlearm)
LOAD linker stubs
LOAD /Users/johannes/Library/Application Support/Code/User/globalStorage/bmd.stm32-for-vscode/@xpack-dev-tools/arm-none-eabi-gcc/11.2.1-1.2.2/.content/bin/../lib/gcc/arm-none-eabi/11.2.1/../../../../arm-none-eabi/lib/thumb/v7e-m+fp/hard/libc.a
LOAD /Users/johannes/Library/Application Support/Code/User/globalStorage/bmd.stm32-for-vscode/@xpack-dev-tools/arm-none-eabi-gcc/11.2.1-1.2.2/.content/bin/../lib/gcc/arm-none-eabi/11.2.1/../../../../arm-none-eabi/lib/thumb/v7e-m+fp/hard/libm.a
LOAD /Users/johannes/Library/Application Support/Code/User/globalStorage/bmd.stm32-for-vscode/@xpack-dev-tools/arm-none-eabi-gcc/11.2.1-1.2.2/.content/bin/../lib/gcc/arm-none-eabi/11.2.1/thumb/v7e-m+fp/hard/libgcc.a

.comment        0x0000000000000000       0x39
 .comment       0x0000000000000000       0x39 /Users/johannes/Library/Application Support/Code/User/globalStorage/bmd.stm32-for-vscode/@xpack-dev-tools/arm-none-eabi-gcc/11.2.1-1.2.2/.content/bin/../lib/gcc/arm-none-eabi/11.2.1/thumb/v7e-m+fp/hard/crtbegin.o
                                         0x3a (size before relaxing)
 .comment       0x0000000000000039       0x3a build/main.o
 .comment       0x0000000000000039       0x3a build/stm32f4xx_hal_msp.o
 .comment       0x0000000000000039       0x3a build/stm32f4xx_it.o
 .comment       0x0000000000000039       0x3a build/system_stm32f4xx.o
 .comment       0x0000000000000039       0x3a build/stm32f4xx_hal.o
 .comment       0x0000000000000039       0x3a build/stm32f4xx_hal_cortex.o
 .comment       0x0000000000000039       0x3a build/stm32f4xx_hal_gpio.o
 .comment       0x0000000000000039       0x3a build/stm32f4xx_hal_rcc.o
 .comment       0x0000000000000039       0x3a /Users/johannes/Library/Application Support/Code/User/globalStorage/bmd.stm32-for-vscode/@xpack-dev-tools/arm-none-eabi-gcc/11.2.1-1.2.2/.content/bin/../lib/gcc/arm-none-eabi/11.2.1/../../../../arm-none-eabi/lib/thumb/v7e-m+fp/hard/libc_nano.a(lib_a-init.o)
 .comment       0x0000000000000039       0x3a /Users/johannes/Library/Application Support/Code/User/globalStorage/bmd.stm32-for-vscode/@xpack-dev-tools/arm-none-eabi-gcc/11.2.1-1.2.2/.content/bin/../lib/gcc/arm-none-eabi/11.2.1/../../../../arm-none-eabi/lib/thumb/v7e-m+fp/hard/libc_nano.a(lib_a-memset.o)
 .comment       0x0000000000000039       0x3a /Users/johannes/Library/Application Support/Code/User/globalStorage/bmd.stm32-for-vscode/@xpack-dev-tools/arm-none-eabi-gcc/11.2.1-1.2.2/.content/bin/../lib/gcc/arm-none-eabi/11.2.1/thumb/v7e-m+fp/hard/libgcc.a(_udivmoddi4.o)

.debug_info     0x0000000000000000     0x3ace
 .debug_info    0x0000000000000000      0x6f1 build/main.o
 .debug_info    0x00000000000006f1      0x28b build/stm32f4xx_hal_msp.o
 .debug_info    0x000000000000097c      0x11c build/stm32f4xx_it.o
 .debug_info    0x0000000000000a98      0x527 build/system_stm32f4xx.o
 .debug_info    0x0000000000000fbf      0x9e6 build/stm32f4xx_hal.o
 .debug_info    0x00000000000019a5      0xf93 build/stm32f4xx_hal_cortex.o
 .debug_info    0x0000000000002938      0x704 build/stm32f4xx_hal_gpio.o
 .debug_info    0x000000000000303c      0xa6f build/stm32f4xx_hal_rcc.o
 .debug_info    0x0000000000003aab       0x23 build/startup_stm32f407xx.o

.debug_abbrev   0x0000000000000000      0xf4e
 .debug_abbrev  0x0000000000000000      0x22a build/main.o
 .debug_abbrev  0x000000000000022a       0xfb build/stm32f4xx_hal_msp.o
 .debug_abbrev  0x0000000000000325       0x7c build/stm32f4xx_it.o
 .debug_abbrev  0x00000000000003a1      0x11e build/system_stm32f4xx.o
 .debug_abbrev  0x00000000000004bf      0x23f build/stm32f4xx_hal.o
 .debug_abbrev  0x00000000000006fe      0x376 build/stm32f4xx_hal_cortex.o
 .debug_abbrev  0x0000000000000a74      0x202 build/stm32f4xx_hal_gpio.o
 .debug_abbrev  0x0000000000000c76      0x2c6 build/stm32f4xx_hal_rcc.o
 .debug_abbrev  0x0000000000000f3c       0x12 build/startup_stm32f407xx.o

.debug_loclists
                0x0000000000000000      0xd9f
 .debug_loclists
                0x0000000000000000       0x21 build/main.o
 .debug_loclists
                0x0000000000000021       0xdb build/system_stm32f4xx.o
 .debug_loclists
                0x00000000000000fc       0xc9 build/stm32f4xx_hal.o
 .debug_loclists
                0x00000000000001c5      0x4db build/stm32f4xx_hal_cortex.o
 .debug_loclists
                0x00000000000006a0      0x356 build/stm32f4xx_hal_gpio.o
 .debug_loclists
                0x00000000000009f6      0x3a9 build/stm32f4xx_hal_rcc.o

.debug_aranges  0x0000000000000000      0x380
 .debug_aranges
                0x0000000000000000       0x38 build/main.o
 .debug_aranges
                0x0000000000000038       0x20 build/stm32f4xx_hal_msp.o
 .debug_aranges
                0x0000000000000058       0x60 build/stm32f4xx_it.o
 .debug_aranges
                0x00000000000000b8       0x28 build/system_stm32f4xx.o
 .debug_aranges
                0x00000000000000e0       0xf0 build/stm32f4xx_hal.o
 .debug_aranges
                0x00000000000001d0       0xa8 build/stm32f4xx_hal_cortex.o
 .debug_aranges
                0x0000000000000278       0x58 build/stm32f4xx_hal_gpio.o
 .debug_aranges
                0x00000000000002d0       0x88 build/stm32f4xx_hal_rcc.o
 .debug_aranges
                0x0000000000000358       0x28 build/startup_stm32f407xx.o

.debug_rnglists
                0x0000000000000000      0x2c7
 .debug_rnglists
                0x0000000000000000       0x32 build/main.o
 .debug_rnglists
                0x0000000000000032       0x13 build/stm32f4xx_hal_msp.o
 .debug_rnglists
                0x0000000000000045       0x43 build/stm32f4xx_it.o
 .debug_rnglists
                0x0000000000000088       0x1a build/system_stm32f4xx.o
 .debug_rnglists
                0x00000000000000a2       0xaf build/stm32f4xx_hal.o
 .debug_rnglists
                0x0000000000000151       0xa9 build/stm32f4xx_hal_cortex.o
 .debug_rnglists
                0x00000000000001fa       0x3f build/stm32f4xx_hal_gpio.o
 .debug_rnglists
                0x0000000000000239       0x75 build/stm32f4xx_hal_rcc.o
 .debug_rnglists
                0x00000000000002ae       0x19 build/startup_stm32f407xx.o

.debug_line     0x0000000000000000     0x2ced
 .debug_line    0x0000000000000000      0x417 build/main.o
 .debug_line    0x0000000000000417      0x255 build/stm32f4xx_hal_msp.o
 .debug_line    0x000000000000066c      0x177 build/stm32f4xx_it.o
 .debug_line    0x00000000000007e3      0x30e build/system_stm32f4xx.o
 .debug_line    0x0000000000000af1      0x623 build/stm32f4xx_hal.o
 .debug_line    0x0000000000001114      0x835 build/stm32f4xx_hal_cortex.o
 .debug_line    0x0000000000001949      0x768 build/stm32f4xx_hal_gpio.o
 .debug_line    0x00000000000020b1      0xbc6 build/stm32f4xx_hal_rcc.o
 .debug_line    0x0000000000002c77       0x76 build/startup_stm32f407xx.o

.debug_str      0x0000000000000000     0x1687
 .debug_str     0x0000000000000000      0x4f1 build/main.o
                                        0x550 (size before relaxing)
 .debug_str     0x00000000000004f1       0x46 build/stm32f4xx_hal_msp.o
                                        0x2fc (size before relaxing)
 .debug_str     0x0000000000000537       0xb4 build/stm32f4xx_it.o
                                        0x253 (size before relaxing)
 .debug_str     0x00000000000005eb       0xd8 build/system_stm32f4xx.o
                                        0x399 (size before relaxing)
 .debug_str     0x00000000000006c3      0x83c build/stm32f4xx_hal.o
                                        0xb88 (size before relaxing)
 .debug_str     0x0000000000000eff      0x462 build/stm32f4xx_hal_cortex.o
                                        0xc50 (size before relaxing)
 .debug_str     0x0000000000001361      0x150 build/stm32f4xx_hal_gpio.o
                                        0x504 (size before relaxing)
 .debug_str     0x00000000000014b1      0x1b1 build/stm32f4xx_hal_rcc.o
                                        0x72a (size before relaxing)
 .debug_str     0x0000000000001662       0x25 build/startup_stm32f407xx.o
                                         0x95 (size before relaxing)

.debug_frame    0x0000000000000000      0x6f0
 .debug_frame   0x0000000000000000       0x74 build/main.o
 .debug_frame   0x0000000000000074       0x2c build/stm32f4xx_hal_msp.o
 .debug_frame   0x00000000000000a0       0xa8 build/stm32f4xx_it.o
 .debug_frame   0x0000000000000148       0x30 build/system_stm32f4xx.o
 .debug_frame   0x0000000000000178      0x1ec build/stm32f4xx_hal.o
 .debug_frame   0x0000000000000364      0x148 build/stm32f4xx_hal_cortex.o
 .debug_frame   0x00000000000004ac       0xd8 build/stm32f4xx_hal_gpio.o
 .debug_frame   0x0000000000000584      0x16c build/stm32f4xx_hal_rcc.o

.debug_line_str
                0x0000000000000000       0x86
 .debug_line_str
                0x0000000000000000       0x86 build/startup_stm32f407xx.o
                                         0x9c (size before relaxing)

Cross Reference Table

Symbol                                            File
ADC_IRQHandler                                    build/startup_stm32f407xx.o
AHBPrescTable                                     build/system_stm32f4xx.o
                                                  build/stm32f4xx_hal_rcc.o
APBPrescTable                                     build/system_stm32f4xx.o
                                                  build/stm32f4xx_hal_rcc.o
BusFault_Handler                                  build/stm32f4xx_it.o
CAN1_RX0_IRQHandler                               build/startup_stm32f407xx.o
CAN1_RX1_IRQHandler                               build/startup_stm32f407xx.o
CAN1_SCE_IRQHandler                               build/startup_stm32f407xx.o
CAN1_TX_IRQHandler                                build/startup_stm32f407xx.o
CAN2_RX0_IRQHandler                               build/startup_stm32f407xx.o
CAN2_RX1_IRQHandler                               build/startup_stm32f407xx.o
CAN2_SCE_IRQHandler                               build/startup_stm32f407xx.o
CAN2_TX_IRQHandler                                build/startup_stm32f407xx.o
DCMI_IRQHandler                                   build/startup_stm32f407xx.o
DMA1_Stream0_IRQHandler                           build/startup_stm32f407xx.o
DMA1_Stream1_IRQHandler                           build/startup_stm32f407xx.o
DMA1_Stream2_IRQHandler                           build/startup_stm32f407xx.o
DMA1_Stream3_IRQHandler                           build/startup_stm32f407xx.o
DMA1_Stream4_IRQHandler                           build/startup_stm32f407xx.o
DMA1_Stream5_IRQHandler                           build/startup_stm32f407xx.o
DMA1_Stream6_IRQHandler                           build/startup_stm32f407xx.o
DMA1_Stream7_IRQHandler                           build/startup_stm32f407xx.o
DMA2_Stream0_IRQHandler                           build/startup_stm32f407xx.o
DMA2_Stream1_IRQHandler                           build/startup_stm32f407xx.o
DMA2_Stream2_IRQHandler                           build/startup_stm32f407xx.o
DMA2_Stream3_IRQHandler                           build/startup_stm32f407xx.o
DMA2_Stream4_IRQHandler                           build/startup_stm32f407xx.o
DMA2_Stream5_IRQHandler                           build/startup_stm32f407xx.o
DMA2_Stream6_IRQHandler                           build/startup_stm32f407xx.o
DMA2_Stream7_IRQHandler                           build/startup_stm32f407xx.o
DebugMon_Handler                                  build/stm32f4xx_it.o
Default_Handler                                   build/startup_stm32f407xx.o
ETH_IRQHandler                                    build/startup_stm32f407xx.o
ETH_WKUP_IRQHandler                               build/startup_stm32f407xx.o
EXTI0_IRQHandler                                  build/startup_stm32f407xx.o
EXTI15_10_IRQHandler                              build/startup_stm32f407xx.o
EXTI1_IRQHandler                                  build/startup_stm32f407xx.o
EXTI2_IRQHandler                                  build/startup_stm32f407xx.o
EXTI3_IRQHandler                                  build/startup_stm32f407xx.o
EXTI4_IRQHandler                                  build/startup_stm32f407xx.o
EXTI9_5_IRQHandler                                build/startup_stm32f407xx.o
Error_Handler                                     build/main.o
FLASH_Erase_Sector                                build/stm32f4xx_hal_flash_ex.o
                                                  build/stm32f4xx_hal_flash.o
FLASH_FlushCaches                                 build/stm32f4xx_hal_flash_ex.o
                                                  build/stm32f4xx_hal_flash.o
FLASH_IRQHandler                                  build/startup_stm32f407xx.o
FLASH_WaitForLastOperation                        build/stm32f4xx_hal_flash.o
                                                  build/stm32f4xx_hal_flash_ex.o
FPU_IRQHandler                                    build/startup_stm32f407xx.o
FSMC_IRQHandler                                   build/startup_stm32f407xx.o
HAL_DBGMCU_DisableDBGSleepMode                    build/stm32f4xx_hal.o
HAL_DBGMCU_DisableDBGStandbyMode                  build/stm32f4xx_hal.o
HAL_DBGMCU_DisableDBGStopMode                     build/stm32f4xx_hal.o
HAL_DBGMCU_EnableDBGSleepMode                     build/stm32f4xx_hal.o
HAL_DBGMCU_EnableDBGStandbyMode                   build/stm32f4xx_hal.o
HAL_DBGMCU_EnableDBGStopMode                      build/stm32f4xx_hal.o
HAL_DMAEx_ChangeMemory                            build/stm32f4xx_hal_dma_ex.o
HAL_DMAEx_MultiBufferStart                        build/stm32f4xx_hal_dma_ex.o
HAL_DMAEx_MultiBufferStart_IT                     build/stm32f4xx_hal_dma_ex.o
HAL_DMA_Abort                                     build/stm32f4xx_hal_dma.o
HAL_DMA_Abort_IT                                  build/stm32f4xx_hal_dma.o
HAL_DMA_DeInit                                    build/stm32f4xx_hal_dma.o
HAL_DMA_GetError                                  build/stm32f4xx_hal_dma.o
HAL_DMA_GetState                                  build/stm32f4xx_hal_dma.o
HAL_DMA_IRQHandler                                build/stm32f4xx_hal_dma.o
HAL_DMA_Init                                      build/stm32f4xx_hal_dma.o
HAL_DMA_PollForTransfer                           build/stm32f4xx_hal_dma.o
HAL_DMA_RegisterCallback                          build/stm32f4xx_hal_dma.o
HAL_DMA_Start                                     build/stm32f4xx_hal_dma.o
HAL_DMA_Start_IT                                  build/stm32f4xx_hal_dma.o
HAL_DMA_UnRegisterCallback                        build/stm32f4xx_hal_dma.o
HAL_DeInit                                        build/stm32f4xx_hal.o
HAL_Delay                                         build/stm32f4xx_hal.o
HAL_DisableCompensationCell                       build/stm32f4xx_hal.o
HAL_EXTI_ClearConfigLine                          build/stm32f4xx_hal_exti.o
HAL_EXTI_ClearPending                             build/stm32f4xx_hal_exti.o
HAL_EXTI_GenerateSWI                              build/stm32f4xx_hal_exti.o
HAL_EXTI_GetConfigLine                            build/stm32f4xx_hal_exti.o
HAL_EXTI_GetHandle                                build/stm32f4xx_hal_exti.o
HAL_EXTI_GetPending                               build/stm32f4xx_hal_exti.o
HAL_EXTI_IRQHandler                               build/stm32f4xx_hal_exti.o
HAL_EXTI_RegisterCallback                         build/stm32f4xx_hal_exti.o
HAL_EXTI_SetConfigLine                            build/stm32f4xx_hal_exti.o
HAL_EnableCompensationCell                        build/stm32f4xx_hal.o
HAL_FLASHEx_Erase                                 build/stm32f4xx_hal_flash_ex.o
HAL_FLASHEx_Erase_IT                              build/stm32f4xx_hal_flash_ex.o
HAL_FLASHEx_OBGetConfig                           build/stm32f4xx_hal_flash_ex.o
HAL_FLASHEx_OBProgram                             build/stm32f4xx_hal_flash_ex.o
HAL_FLASH_EndOfOperationCallback                  build/stm32f4xx_hal_flash.o
HAL_FLASH_GetError                                build/stm32f4xx_hal_flash.o
HAL_FLASH_IRQHandler                              build/stm32f4xx_hal_flash.o
HAL_FLASH_Lock                                    build/stm32f4xx_hal_flash.o
HAL_FLASH_OB_Launch                               build/stm32f4xx_hal_flash.o
HAL_FLASH_OB_Lock                                 build/stm32f4xx_hal_flash.o
HAL_FLASH_OB_Unlock                               build/stm32f4xx_hal_flash.o
HAL_FLASH_OperationErrorCallback                  build/stm32f4xx_hal_flash.o
HAL_FLASH_Program                                 build/stm32f4xx_hal_flash.o
HAL_FLASH_Program_IT                              build/stm32f4xx_hal_flash.o
HAL_FLASH_Unlock                                  build/stm32f4xx_hal_flash.o
HAL_GPIO_DeInit                                   build/stm32f4xx_hal_gpio.o
HAL_GPIO_EXTI_Callback                            build/stm32f4xx_hal_gpio.o
HAL_GPIO_EXTI_IRQHandler                          build/stm32f4xx_hal_gpio.o
HAL_GPIO_Init                                     build/stm32f4xx_hal_gpio.o
                                                  build/stm32f4xx_hal_rcc.o
                                                  build/main.o
HAL_GPIO_LockPin                                  build/stm32f4xx_hal_gpio.o
HAL_GPIO_ReadPin                                  build/stm32f4xx_hal_gpio.o
HAL_GPIO_TogglePin                                build/stm32f4xx_hal_gpio.o
                                                  build/main.o
HAL_GPIO_WritePin                                 build/stm32f4xx_hal_gpio.o
HAL_GetDEVID                                      build/stm32f4xx_hal.o
HAL_GetHalVersion                                 build/stm32f4xx_hal.o
HAL_GetREVID                                      build/stm32f4xx_hal.o
HAL_GetTick                                       build/stm32f4xx_hal.o
                                                  build/stm32f4xx_hal_rcc_ex.o
                                                  build/stm32f4xx_hal_rcc.o
                                                  build/stm32f4xx_hal_pwr_ex.o
                                                  build/stm32f4xx_hal_flash.o
                                                  build/stm32f4xx_hal_dma.o
HAL_GetTickFreq                                   build/stm32f4xx_hal.o
HAL_GetTickPrio                                   build/stm32f4xx_hal.o
HAL_GetUIDw0                                      build/stm32f4xx_hal.o
HAL_GetUIDw1                                      build/stm32f4xx_hal.o
HAL_GetUIDw2                                      build/stm32f4xx_hal.o
HAL_IncTick                                       build/stm32f4xx_hal.o
                                                  build/stm32f4xx_it.o
HAL_Init                                          build/stm32f4xx_hal.o
                                                  build/main.o
HAL_InitTick                                      build/stm32f4xx_hal.o
                                                  build/stm32f4xx_hal_rcc_ex.o
                                                  build/stm32f4xx_hal_rcc.o
HAL_MPU_ConfigRegion                              build/stm32f4xx_hal_cortex.o
HAL_MPU_Disable                                   build/stm32f4xx_hal_cortex.o
HAL_MPU_Enable                                    build/stm32f4xx_hal_cortex.o
HAL_MspDeInit                                     build/stm32f4xx_hal.o
HAL_MspInit                                       build/stm32f4xx_hal_msp.o
HAL_NVIC_ClearPendingIRQ                          build/stm32f4xx_hal_cortex.o
HAL_NVIC_DisableIRQ                               build/stm32f4xx_hal_cortex.o
HAL_NVIC_EnableIRQ                                build/stm32f4xx_hal_cortex.o
HAL_NVIC_GetActive                                build/stm32f4xx_hal_cortex.o
HAL_NVIC_GetPendingIRQ                            build/stm32f4xx_hal_cortex.o
HAL_NVIC_GetPriority                              build/stm32f4xx_hal_cortex.o
HAL_NVIC_GetPriorityGrouping                      build/stm32f4xx_hal_cortex.o
HAL_NVIC_SetPendingIRQ                            build/stm32f4xx_hal_cortex.o
HAL_NVIC_SetPriority                              build/stm32f4xx_hal_cortex.o
                                                  build/stm32f4xx_hal.o
HAL_NVIC_SetPriorityGrouping                      build/stm32f4xx_hal_cortex.o
                                                  build/stm32f4xx_hal.o
                                                  build/stm32f4xx_hal_msp.o
HAL_NVIC_SystemReset                              build/stm32f4xx_hal_cortex.o
HAL_PWREx_ControlVoltageScaling                   build/stm32f4xx_hal_pwr_ex.o
HAL_PWREx_DisableBkUpReg                          build/stm32f4xx_hal_pwr_ex.o
HAL_PWREx_DisableFlashPowerDown                   build/stm32f4xx_hal_pwr_ex.o
HAL_PWREx_EnableBkUpReg                           build/stm32f4xx_hal_pwr_ex.o
HAL_PWREx_EnableFlashPowerDown                    build/stm32f4xx_hal_pwr_ex.o
HAL_PWREx_GetVoltageRange                         build/stm32f4xx_hal_pwr_ex.o
HAL_PWR_ConfigPVD                                 build/stm32f4xx_hal_pwr.o
HAL_PWR_DeInit                                    build/stm32f4xx_hal_pwr.o
HAL_PWR_DisableBkUpAccess                         build/stm32f4xx_hal_pwr.o
HAL_PWR_DisablePVD                                build/stm32f4xx_hal_pwr.o
HAL_PWR_DisableSEVOnPend                          build/stm32f4xx_hal_pwr.o
HAL_PWR_DisableSleepOnExit                        build/stm32f4xx_hal_pwr.o
HAL_PWR_DisableWakeUpPin                          build/stm32f4xx_hal_pwr.o
HAL_PWR_EnableBkUpAccess                          build/stm32f4xx_hal_pwr.o
HAL_PWR_EnablePVD                                 build/stm32f4xx_hal_pwr.o
HAL_PWR_EnableSEVOnPend                           build/stm32f4xx_hal_pwr.o
HAL_PWR_EnableSleepOnExit                         build/stm32f4xx_hal_pwr.o
HAL_PWR_EnableWakeUpPin                           build/stm32f4xx_hal_pwr.o
HAL_PWR_EnterSLEEPMode                            build/stm32f4xx_hal_pwr.o
HAL_PWR_EnterSTANDBYMode                          build/stm32f4xx_hal_pwr.o
HAL_PWR_EnterSTOPMode                             build/stm32f4xx_hal_pwr.o
HAL_PWR_PVDCallback                               build/stm32f4xx_hal_pwr.o
HAL_PWR_PVD_IRQHandler                            build/stm32f4xx_hal_pwr.o
HAL_RCCEx_DisablePLLI2S                           build/stm32f4xx_hal_rcc_ex.o
HAL_RCCEx_EnablePLLI2S                            build/stm32f4xx_hal_rcc_ex.o
HAL_RCCEx_GetPeriphCLKConfig                      build/stm32f4xx_hal_rcc_ex.o
HAL_RCCEx_GetPeriphCLKFreq                        build/stm32f4xx_hal_rcc_ex.o
HAL_RCCEx_PeriphCLKConfig                         build/stm32f4xx_hal_rcc_ex.o
HAL_RCC_CSSCallback                               build/stm32f4xx_hal_rcc.o
HAL_RCC_ClockConfig                               build/stm32f4xx_hal_rcc.o
                                                  build/main.o
HAL_RCC_DeInit                                    build/stm32f4xx_hal_rcc_ex.o
                                                  build/stm32f4xx_hal_rcc.o
HAL_RCC_DisableCSS                                build/stm32f4xx_hal_rcc.o
HAL_RCC_EnableCSS                                 build/stm32f4xx_hal_rcc.o
HAL_RCC_GetClockConfig                            build/stm32f4xx_hal_rcc.o
HAL_RCC_GetHCLKFreq                               build/stm32f4xx_hal_rcc.o
HAL_RCC_GetOscConfig                              build/stm32f4xx_hal_rcc.o
HAL_RCC_GetPCLK1Freq                              build/stm32f4xx_hal_rcc.o
HAL_RCC_GetPCLK2Freq                              build/stm32f4xx_hal_rcc.o
HAL_RCC_GetSysClockFreq                           build/stm32f4xx_hal_rcc.o
HAL_RCC_MCOConfig                                 build/stm32f4xx_hal_rcc.o
HAL_RCC_NMI_IRQHandler                            build/stm32f4xx_hal_rcc.o
HAL_RCC_OscConfig                                 build/stm32f4xx_hal_rcc.o
                                                  build/main.o
HAL_ResumeTick                                    build/stm32f4xx_hal.o
HAL_SYSTICK_CLKSourceConfig                       build/stm32f4xx_hal_cortex.o
HAL_SYSTICK_Callback                              build/stm32f4xx_hal_cortex.o
HAL_SYSTICK_Config                                build/stm32f4xx_hal_cortex.o
                                                  build/stm32f4xx_hal.o
HAL_SYSTICK_IRQHandler                            build/stm32f4xx_hal_cortex.o
HAL_SetTickFreq                                   build/stm32f4xx_hal.o
HAL_SuspendTick                                   build/stm32f4xx_hal.o
HASH_RNG_IRQHandler                               build/startup_stm32f407xx.o
HardFault_Handler                                 build/stm32f4xx_it.o
I2C1_ER_IRQHandler                                build/startup_stm32f407xx.o
I2C1_EV_IRQHandler                                build/startup_stm32f407xx.o
I2C2_ER_IRQHandler                                build/startup_stm32f407xx.o
I2C2_EV_IRQHandler                                build/startup_stm32f407xx.o
I2C3_ER_IRQHandler                                build/startup_stm32f407xx.o
I2C3_EV_IRQHandler                                build/startup_stm32f407xx.o
MemManage_Handler                                 build/stm32f4xx_it.o
NMI_Handler                                       build/stm32f4xx_it.o
OTG_FS_IRQHandler                                 build/startup_stm32f407xx.o
OTG_FS_WKUP_IRQHandler                            build/startup_stm32f407xx.o
OTG_HS_EP1_IN_IRQHandler                          build/startup_stm32f407xx.o
OTG_HS_EP1_OUT_IRQHandler                         build/startup_stm32f407xx.o
OTG_HS_IRQHandler                                 build/startup_stm32f407xx.o
OTG_HS_WKUP_IRQHandler                            build/startup_stm32f407xx.o
PVD_IRQHandler                                    build/startup_stm32f407xx.o
PendSV_Handler                                    build/stm32f4xx_it.o
RCC_IRQHandler                                    build/startup_stm32f407xx.o
RTC_Alarm_IRQHandler                              build/startup_stm32f407xx.o
RTC_WKUP_IRQHandler                               build/startup_stm32f407xx.o
Reset_Handler                                     build/startup_stm32f407xx.o
SDIO_IRQHandler                                   build/startup_stm32f407xx.o
SPI1_IRQHandler                                   build/startup_stm32f407xx.o
SPI2_IRQHandler                                   build/startup_stm32f407xx.o
SPI3_IRQHandler                                   build/startup_stm32f407xx.o
SVC_Handler                                       build/stm32f4xx_it.o
SysTick_Handler                                   build/stm32f4xx_it.o
SystemClock_Config                                build/main.o
SystemCoreClock                                   build/system_stm32f4xx.o
                                                  build/stm32f4xx_hal_rcc_ex.o
                                                  build/stm32f4xx_hal_rcc.o
                                                  build/stm32f4xx_hal_dma.o
                                                  build/stm32f4xx_hal.o
SystemCoreClockUpdate                             build/system_stm32f4xx.o
SystemInit                                        build/system_stm32f4xx.o
                                                  build/startup_stm32f407xx.o
TAMP_STAMP_IRQHandler                             build/startup_stm32f407xx.o
TIM1_BRK_TIM9_IRQHandler                          build/startup_stm32f407xx.o
TIM1_CC_IRQHandler                                build/startup_stm32f407xx.o
TIM1_TRG_COM_TIM11_IRQHandler                     build/startup_stm32f407xx.o
TIM1_UP_TIM10_IRQHandler                          build/startup_stm32f407xx.o
TIM2_IRQHandler                                   build/startup_stm32f407xx.o
TIM3_IRQHandler                                   build/startup_stm32f407xx.o
TIM4_IRQHandler                                   build/startup_stm32f407xx.o
TIM5_IRQHandler                                   build/startup_stm32f407xx.o
TIM6_DAC_IRQHandler                               build/startup_stm32f407xx.o
TIM7_IRQHandler                                   build/startup_stm32f407xx.o
TIM8_BRK_TIM12_IRQHandler                         build/startup_stm32f407xx.o
TIM8_CC_IRQHandler                                build/startup_stm32f407xx.o
TIM8_TRG_COM_TIM14_IRQHandler                     build/startup_stm32f407xx.o
TIM8_UP_TIM13_IRQHandler                          build/startup_stm32f407xx.o
UART4_IRQHandler                                  build/startup_stm32f407xx.o
UART5_IRQHandler                                  build/startup_stm32f407xx.o
USART1_IRQHandler                                 build/startup_stm32f407xx.o
USART2_IRQHandler                                 build/startup_stm32f407xx.o
USART3_IRQHandler                                 build/startup_stm32f407xx.o
USART6_IRQHandler                                 build/startup_stm32f407xx.o
UsageFault_Handler                                build/stm32f4xx_it.o
WWDG_IRQHandler                                   build/startup_stm32f407xx.o
__aeabi_idiv0                                     /Users/johannes/Library/Application Support/Code/User/globalStorage/bmd.stm32-for-vscode/@xpack-dev-tools/arm-none-eabi-gcc/11.2.1-1.2.2/.content/bin/../lib/gcc/arm-none-eabi/11.2.1/thumb/v7e-m+fp/hard/libgcc.a(_dvmd_tls.o)
__aeabi_ldiv0                                     /Users/johannes/Library/Application Support/Code/User/globalStorage/bmd.stm32-for-vscode/@xpack-dev-tools/arm-none-eabi-gcc/11.2.1-1.2.2/.content/bin/../lib/gcc/arm-none-eabi/11.2.1/thumb/v7e-m+fp/hard/libgcc.a(_dvmd_tls.o)
                                                  /Users/johannes/Library/Application Support/Code/User/globalStorage/bmd.stm32-for-vscode/@xpack-dev-tools/arm-none-eabi-gcc/11.2.1-1.2.2/.content/bin/../lib/gcc/arm-none-eabi/11.2.1/thumb/v7e-m+fp/hard/libgcc.a(_aeabi_uldivmod.o)
__aeabi_uldivmod                                  /Users/johannes/Library/Application Support/Code/User/globalStorage/bmd.stm32-for-vscode/@xpack-dev-tools/arm-none-eabi-gcc/11.2.1-1.2.2/.content/bin/../lib/gcc/arm-none-eabi/11.2.1/thumb/v7e-m+fp/hard/libgcc.a(_aeabi_uldivmod.o)
                                                  build/stm32f4xx_hal_rcc.o
__atexit_dummy                                    /Users/johannes/Library/Application Support/Code/User/globalStorage/bmd.stm32-for-vscode/@xpack-dev-tools/arm-none-eabi-gcc/11.2.1-1.2.2/.content/bin/../lib/gcc/arm-none-eabi/11.2.1/../../../../arm-none-eabi/lib/thumb/v7e-m+fp/hard/libc_nano.a(lib_a-__atexit.o)
__bss_end__                                       /Users/johannes/Library/Application Support/Code/User/globalStorage/bmd.stm32-for-vscode/@xpack-dev-tools/arm-none-eabi-gcc/11.2.1-1.2.2/.content/bin/../lib/gcc/arm-none-eabi/11.2.1/../../../../arm-none-eabi/lib/thumb/v7e-m+fp/hard/crt0.o
__bss_start__                                     /Users/johannes/Library/Application Support/Code/User/globalStorage/bmd.stm32-for-vscode/@xpack-dev-tools/arm-none-eabi-gcc/11.2.1-1.2.2/.content/bin/../lib/gcc/arm-none-eabi/11.2.1/../../../../arm-none-eabi/lib/thumb/v7e-m+fp/hard/crt0.o
__call_exitprocs                                  /Users/johannes/Library/Application Support/Code/User/globalStorage/bmd.stm32-for-vscode/@xpack-dev-tools/arm-none-eabi-gcc/11.2.1-1.2.2/.content/bin/../lib/gcc/arm-none-eabi/11.2.1/../../../../arm-none-eabi/lib/thumb/v7e-m+fp/hard/libc_nano.a(lib_a-__call_atexit.o)
                                                  /Users/johannes/Library/Application Support/Code/User/globalStorage/bmd.stm32-for-vscode/@xpack-dev-tools/arm-none-eabi-gcc/11.2.1-1.2.2/.content/bin/../lib/gcc/arm-none-eabi/11.2.1/../../../../arm-none-eabi/lib/thumb/v7e-m+fp/hard/libc_nano.a(lib_a-__atexit.o)
                                                  /Users/johannes/Library/Application Support/Code/User/globalStorage/bmd.stm32-for-vscode/@xpack-dev-tools/arm-none-eabi-gcc/11.2.1-1.2.2/.content/bin/../lib/gcc/arm-none-eabi/11.2.1/../../../../arm-none-eabi/lib/thumb/v7e-m+fp/hard/libc_nano.a(lib_a-exit.o)
__deregister_frame_info                           /Users/johannes/Library/Application Support/Code/User/globalStorage/bmd.stm32-for-vscode/@xpack-dev-tools/arm-none-eabi-gcc/11.2.1-1.2.2/.content/bin/../lib/gcc/arm-none-eabi/11.2.1/thumb/v7e-m+fp/hard/crtbegin.o
__dso_handle                                      /Users/johannes/Library/Application Support/Code/User/globalStorage/bmd.stm32-for-vscode/@xpack-dev-tools/arm-none-eabi-gcc/11.2.1-1.2.2/.content/bin/../lib/gcc/arm-none-eabi/11.2.1/thumb/v7e-m+fp/hard/crtbegin.o
__fini_array_end                                  /Users/johannes/Library/Application Support/Code/User/globalStorage/bmd.stm32-for-vscode/@xpack-dev-tools/arm-none-eabi-gcc/11.2.1-1.2.2/.content/bin/../lib/gcc/arm-none-eabi/11.2.1/../../../../arm-none-eabi/lib/thumb/v7e-m+fp/hard/libc_nano.a(lib_a-fini.o)
__fini_array_start                                /Users/johannes/Library/Application Support/Code/User/globalStorage/bmd.stm32-for-vscode/@xpack-dev-tools/arm-none-eabi-gcc/11.2.1-1.2.2/.content/bin/../lib/gcc/arm-none-eabi/11.2.1/../../../../arm-none-eabi/lib/thumb/v7e-m+fp/hard/libc_nano.a(lib_a-fini.o)
__init_array_end                                  /Users/johannes/Library/Application Support/Code/User/globalStorage/bmd.stm32-for-vscode/@xpack-dev-tools/arm-none-eabi-gcc/11.2.1-1.2.2/.content/bin/../lib/gcc/arm-none-eabi/11.2.1/../../../../arm-none-eabi/lib/thumb/v7e-m+fp/hard/libc_nano.a(lib_a-init.o)
__init_array_start                                /Users/johannes/Library/Application Support/Code/User/globalStorage/bmd.stm32-for-vscode/@xpack-dev-tools/arm-none-eabi-gcc/11.2.1-1.2.2/.content/bin/../lib/gcc/arm-none-eabi/11.2.1/../../../../arm-none-eabi/lib/thumb/v7e-m+fp/hard/libc_nano.a(lib_a-init.o)
__libc_fini_array                                 /Users/johannes/Library/Application Support/Code/User/globalStorage/bmd.stm32-for-vscode/@xpack-dev-tools/arm-none-eabi-gcc/11.2.1-1.2.2/.content/bin/../lib/gcc/arm-none-eabi/11.2.1/../../../../arm-none-eabi/lib/thumb/v7e-m+fp/hard/libc_nano.a(lib_a-fini.o)
                                                  /Users/johannes/Library/Application Support/Code/User/globalStorage/bmd.stm32-for-vscode/@xpack-dev-tools/arm-none-eabi-gcc/11.2.1-1.2.2/.content/bin/../lib/gcc/arm-none-eabi/11.2.1/../../../../arm-none-eabi/lib/thumb/v7e-m+fp/hard/crt0.o
__libc_init_array                                 /Users/johannes/Library/Application Support/Code/User/globalStorage/bmd.stm32-for-vscode/@xpack-dev-tools/arm-none-eabi-gcc/11.2.1-1.2.2/.content/bin/../lib/gcc/arm-none-eabi/11.2.1/../../../../arm-none-eabi/lib/thumb/v7e-m+fp/hard/libc_nano.a(lib_a-init.o)
                                                  build/startup_stm32f407xx.o
                                                  /Users/johannes/Library/Application Support/Code/User/globalStorage/bmd.stm32-for-vscode/@xpack-dev-tools/arm-none-eabi-gcc/11.2.1-1.2.2/.content/bin/../lib/gcc/arm-none-eabi/11.2.1/../../../../arm-none-eabi/lib/thumb/v7e-m+fp/hard/crt0.o
__on_exit_args                                    /Users/johannes/Library/Application Support/Code/User/globalStorage/bmd.stm32-for-vscode/@xpack-dev-tools/arm-none-eabi-gcc/11.2.1-1.2.2/.content/bin/../lib/gcc/arm-none-eabi/11.2.1/../../../../arm-none-eabi/lib/thumb/v7e-m+fp/hard/libc_nano.a(lib_a-__atexit.o)
__preinit_array_end                               /Users/johannes/Library/Application Support/Code/User/globalStorage/bmd.stm32-for-vscode/@xpack-dev-tools/arm-none-eabi-gcc/11.2.1-1.2.2/.content/bin/../lib/gcc/arm-none-eabi/11.2.1/../../../../arm-none-eabi/lib/thumb/v7e-m+fp/hard/libc_nano.a(lib_a-init.o)
__preinit_array_start                             /Users/johannes/Library/Application Support/Code/User/globalStorage/bmd.stm32-for-vscode/@xpack-dev-tools/arm-none-eabi-gcc/11.2.1-1.2.2/.content/bin/../lib/gcc/arm-none-eabi/11.2.1/../../../../arm-none-eabi/lib/thumb/v7e-m+fp/hard/libc_nano.a(lib_a-init.o)
__register_exitproc                               /Users/johannes/Library/Application Support/Code/User/globalStorage/bmd.stm32-for-vscode/@xpack-dev-tools/arm-none-eabi-gcc/11.2.1-1.2.2/.content/bin/../lib/gcc/arm-none-eabi/11.2.1/../../../../arm-none-eabi/lib/thumb/v7e-m+fp/hard/libc_nano.a(lib_a-__atexit.o)
                                                  /Users/johannes/Library/Application Support/Code/User/globalStorage/bmd.stm32-for-vscode/@xpack-dev-tools/arm-none-eabi-gcc/11.2.1-1.2.2/.content/bin/../lib/gcc/arm-none-eabi/11.2.1/../../../../arm-none-eabi/lib/thumb/v7e-m+fp/hard/libc_nano.a(lib_a-atexit.o)
__register_frame_info                             /Users/johannes/Library/Application Support/Code/User/globalStorage/bmd.stm32-for-vscode/@xpack-dev-tools/arm-none-eabi-gcc/11.2.1-1.2.2/.content/bin/../lib/gcc/arm-none-eabi/11.2.1/thumb/v7e-m+fp/hard/crtbegin.o
__sf_fake_stderr                                  /Users/johannes/Library/Application Support/Code/User/globalStorage/bmd.stm32-for-vscode/@xpack-dev-tools/arm-none-eabi-gcc/11.2.1-1.2.2/.content/bin/../lib/gcc/arm-none-eabi/11.2.1/../../../../arm-none-eabi/lib/thumb/v7e-m+fp/hard/libc_nano.a(lib_a-impure.o)
__sf_fake_stdin                                   /Users/johannes/Library/Application Support/Code/User/globalStorage/bmd.stm32-for-vscode/@xpack-dev-tools/arm-none-eabi-gcc/11.2.1-1.2.2/.content/bin/../lib/gcc/arm-none-eabi/11.2.1/../../../../arm-none-eabi/lib/thumb/v7e-m+fp/hard/libc_nano.a(lib_a-impure.o)
__sf_fake_stdout                                  /Users/johannes/Library/Application Support/Code/User/globalStorage/bmd.stm32-for-vscode/@xpack-dev-tools/arm-none-eabi-gcc/11.2.1-1.2.2/.content/bin/../lib/gcc/arm-none-eabi/11.2.1/../../../../arm-none-eabi/lib/thumb/v7e-m+fp/hard/libc_nano.a(lib_a-impure.o)
__stack                                           /Users/johannes/Library/Application Support/Code/User/globalStorage/bmd.stm32-for-vscode/@xpack-dev-tools/arm-none-eabi-gcc/11.2.1-1.2.2/.content/bin/../lib/gcc/arm-none-eabi/11.2.1/../../../../arm-none-eabi/lib/thumb/v7e-m+fp/hard/crt0.o
__udivmoddi4                                      /Users/johannes/Library/Application Support/Code/User/globalStorage/bmd.stm32-for-vscode/@xpack-dev-tools/arm-none-eabi-gcc/11.2.1-1.2.2/.content/bin/../lib/gcc/arm-none-eabi/11.2.1/thumb/v7e-m+fp/hard/libgcc.a(_udivmoddi4.o)
                                                  /Users/johannes/Library/Application Support/Code/User/globalStorage/bmd.stm32-for-vscode/@xpack-dev-tools/arm-none-eabi-gcc/11.2.1-1.2.2/.content/bin/../lib/gcc/arm-none-eabi/11.2.1/thumb/v7e-m+fp/hard/libgcc.a(_aeabi_uldivmod.o)
_ebss                                             build/startup_stm32f407xx.o
_edata                                            build/startup_stm32f407xx.o
_estack                                           build/startup_stm32f407xx.o
_exit                                             /Users/johannes/Library/Application Support/Code/User/globalStorage/bmd.stm32-for-vscode/@xpack-dev-tools/arm-none-eabi-gcc/11.2.1-1.2.2/.content/bin/../lib/gcc/arm-none-eabi/11.2.1/../../../../arm-none-eabi/lib/thumb/v7e-m+fp/hard/libnosys.a(_exit.o)
                                                  /Users/johannes/Library/Application Support/Code/User/globalStorage/bmd.stm32-for-vscode/@xpack-dev-tools/arm-none-eabi-gcc/11.2.1-1.2.2/.content/bin/../lib/gcc/arm-none-eabi/11.2.1/../../../../arm-none-eabi/lib/thumb/v7e-m+fp/hard/libc_nano.a(lib_a-exit.o)
_fini                                             /Users/johannes/Library/Application Support/Code/User/globalStorage/bmd.stm32-for-vscode/@xpack-dev-tools/arm-none-eabi-gcc/11.2.1-1.2.2/.content/bin/../lib/gcc/arm-none-eabi/11.2.1/thumb/v7e-m+fp/hard/crti.o
                                                  /Users/johannes/Library/Application Support/Code/User/globalStorage/bmd.stm32-for-vscode/@xpack-dev-tools/arm-none-eabi-gcc/11.2.1-1.2.2/.content/bin/../lib/gcc/arm-none-eabi/11.2.1/../../../../arm-none-eabi/lib/thumb/v7e-m+fp/hard/libc_nano.a(lib_a-fini.o)
_global_atexit                                    /Users/johannes/Library/Application Support/Code/User/globalStorage/bmd.stm32-for-vscode/@xpack-dev-tools/arm-none-eabi-gcc/11.2.1-1.2.2/.content/bin/../lib/gcc/arm-none-eabi/11.2.1/../../../../arm-none-eabi/lib/thumb/v7e-m+fp/hard/libc_nano.a(lib_a-__call_atexit.o)
                                                  /Users/johannes/Library/Application Support/Code/User/globalStorage/bmd.stm32-for-vscode/@xpack-dev-tools/arm-none-eabi-gcc/11.2.1-1.2.2/.content/bin/../lib/gcc/arm-none-eabi/11.2.1/../../../../arm-none-eabi/lib/thumb/v7e-m+fp/hard/libc_nano.a(lib_a-__atexit.o)
_global_impure_ptr                                /Users/johannes/Library/Application Support/Code/User/globalStorage/bmd.stm32-for-vscode/@xpack-dev-tools/arm-none-eabi-gcc/11.2.1-1.2.2/.content/bin/../lib/gcc/arm-none-eabi/11.2.1/../../../../arm-none-eabi/lib/thumb/v7e-m+fp/hard/libc_nano.a(lib_a-impure.o)
                                                  /Users/johannes/Library/Application Support/Code/User/globalStorage/bmd.stm32-for-vscode/@xpack-dev-tools/arm-none-eabi-gcc/11.2.1-1.2.2/.content/bin/../lib/gcc/arm-none-eabi/11.2.1/../../../../arm-none-eabi/lib/thumb/v7e-m+fp/hard/libc_nano.a(lib_a-exit.o)
_impure_ptr                                       /Users/johannes/Library/Application Support/Code/User/globalStorage/bmd.stm32-for-vscode/@xpack-dev-tools/arm-none-eabi-gcc/11.2.1-1.2.2/.content/bin/../lib/gcc/arm-none-eabi/11.2.1/../../../../arm-none-eabi/lib/thumb/v7e-m+fp/hard/libc_nano.a(lib_a-impure.o)
_init                                             /Users/johannes/Library/Application Support/Code/User/globalStorage/bmd.stm32-for-vscode/@xpack-dev-tools/arm-none-eabi-gcc/11.2.1-1.2.2/.content/bin/../lib/gcc/arm-none-eabi/11.2.1/thumb/v7e-m+fp/hard/crti.o
                                                  /Users/johannes/Library/Application Support/Code/User/globalStorage/bmd.stm32-for-vscode/@xpack-dev-tools/arm-none-eabi-gcc/11.2.1-1.2.2/.content/bin/../lib/gcc/arm-none-eabi/11.2.1/../../../../arm-none-eabi/lib/thumb/v7e-m+fp/hard/libc_nano.a(lib_a-init.o)
_mainCRTStartup                                   /Users/johannes/Library/Application Support/Code/User/globalStorage/bmd.stm32-for-vscode/@xpack-dev-tools/arm-none-eabi-gcc/11.2.1-1.2.2/.content/bin/../lib/gcc/arm-none-eabi/11.2.1/../../../../arm-none-eabi/lib/thumb/v7e-m+fp/hard/crt0.o
_sbss                                             build/startup_stm32f407xx.o
_sdata                                            build/startup_stm32f407xx.o
_sidata                                           build/startup_stm32f407xx.o
_stack_init                                       /Users/johannes/Library/Application Support/Code/User/globalStorage/bmd.stm32-for-vscode/@xpack-dev-tools/arm-none-eabi-gcc/11.2.1-1.2.2/.content/bin/../lib/gcc/arm-none-eabi/11.2.1/../../../../arm-none-eabi/lib/thumb/v7e-m+fp/hard/crt0.o
_start                                            /Users/johannes/Library/Application Support/Code/User/globalStorage/bmd.stm32-for-vscode/@xpack-dev-tools/arm-none-eabi-gcc/11.2.1-1.2.2/.content/bin/../lib/gcc/arm-none-eabi/11.2.1/../../../../arm-none-eabi/lib/thumb/v7e-m+fp/hard/crt0.o
atexit                                            /Users/johannes/Library/Application Support/Code/User/globalStorage/bmd.stm32-for-vscode/@xpack-dev-tools/arm-none-eabi-gcc/11.2.1-1.2.2/.content/bin/../lib/gcc/arm-none-eabi/11.2.1/../../../../arm-none-eabi/lib/thumb/v7e-m+fp/hard/libc_nano.a(lib_a-atexit.o)
                                                  /Users/johannes/Library/Application Support/Code/User/globalStorage/bmd.stm32-for-vscode/@xpack-dev-tools/arm-none-eabi-gcc/11.2.1-1.2.2/.content/bin/../lib/gcc/arm-none-eabi/11.2.1/../../../../arm-none-eabi/lib/thumb/v7e-m+fp/hard/crt0.o
exit                                              /Users/johannes/Library/Application Support/Code/User/globalStorage/bmd.stm32-for-vscode/@xpack-dev-tools/arm-none-eabi-gcc/11.2.1-1.2.2/.content/bin/../lib/gcc/arm-none-eabi/11.2.1/../../../../arm-none-eabi/lib/thumb/v7e-m+fp/hard/libc_nano.a(lib_a-exit.o)
                                                  /Users/johannes/Library/Application Support/Code/User/globalStorage/bmd.stm32-for-vscode/@xpack-dev-tools/arm-none-eabi-gcc/11.2.1-1.2.2/.content/bin/../lib/gcc/arm-none-eabi/11.2.1/../../../../arm-none-eabi/lib/thumb/v7e-m+fp/hard/crt0.o
g_pfnVectors                                      build/startup_stm32f407xx.o
hardware_init_hook                                /Users/johannes/Library/Application Support/Code/User/globalStorage/bmd.stm32-for-vscode/@xpack-dev-tools/arm-none-eabi-gcc/11.2.1-1.2.2/.content/bin/../lib/gcc/arm-none-eabi/11.2.1/../../../../arm-none-eabi/lib/thumb/v7e-m+fp/hard/crt0.o
main                                              build/main.o
                                                  build/startup_stm32f407xx.o
                                                  /Users/johannes/Library/Application Support/Code/User/globalStorage/bmd.stm32-for-vscode/@xpack-dev-tools/arm-none-eabi-gcc/11.2.1-1.2.2/.content/bin/../lib/gcc/arm-none-eabi/11.2.1/../../../../arm-none-eabi/lib/thumb/v7e-m+fp/hard/crt0.o
malloc                                            /Users/johannes/Library/Application Support/Code/User/globalStorage/bmd.stm32-for-vscode/@xpack-dev-tools/arm-none-eabi-gcc/11.2.1-1.2.2/.content/bin/../lib/gcc/arm-none-eabi/11.2.1/../../../../arm-none-eabi/lib/thumb/v7e-m+fp/hard/libc_nano.a(lib_a-__atexit.o)
memset                                            /Users/johannes/Library/Application Support/Code/User/globalStorage/bmd.stm32-for-vscode/@xpack-dev-tools/arm-none-eabi-gcc/11.2.1-1.2.2/.content/bin/../lib/gcc/arm-none-eabi/11.2.1/../../../../arm-none-eabi/lib/thumb/v7e-m+fp/hard/libc_nano.a(lib_a-memset.o)
                                                  build/main.o
                                                  /Users/johannes/Library/Application Support/Code/User/globalStorage/bmd.stm32-for-vscode/@xpack-dev-tools/arm-none-eabi-gcc/11.2.1-1.2.2/.content/bin/../lib/gcc/arm-none-eabi/11.2.1/../../../../arm-none-eabi/lib/thumb/v7e-m+fp/hard/crt0.o
pFlash                                            build/stm32f4xx_hal_flash.o
                                                  build/stm32f4xx_hal_flash_ex.o
software_init_hook                                /Users/johannes/Library/Application Support/Code/User/globalStorage/bmd.stm32-for-vscode/@xpack-dev-tools/arm-none-eabi-gcc/11.2.1-1.2.2/.content/bin/../lib/gcc/arm-none-eabi/11.2.1/../../../../arm-none-eabi/lib/thumb/v7e-m+fp/hard/crt0.o
uwTick                                            build/stm32f4xx_hal.o
uwTickFreq                                        build/stm32f4xx_hal.o
uwTickPrio                                        build/stm32f4xx_hal.o
                                                  build/stm32f4xx_hal_rcc_ex.o
                                                  build/stm32f4xx_hal_rcc.o
